===============================
Tests for 4-print_square module
===============================

Check for import print_square function from 4-print_square module
-----------------------------------------------------------------
>>> print_square = __import__('4-print_square').print_square


Check print square with positive number
---------------------------------------
>>> print_square(5)
#####
#####
#####
#####
#####


Check with size 0
-----------------
>>> print_square(0)


Check square with size 1
------------------------
>>> print_square(1)
#


Check print square with negative size
-------------------------------------
>>> print_square(-5)
Traceback (most recent call last):
 ...
ValueError: size must be >= 0


Check with size as a string
--------------------------------
>>> print_square("string")
Traceback (most recent call last):
 ...
TypeError: size must be an integer


Check with size as a float
--------------------------
>>> print_square(5.6)
Traceback (most recent call last):
 ...
TypeError: size must be an integer


Check with too many arguments passed
------------------------------------
>>> print_square(4, 5, 4)
Traceback (most recent call last):
 ...
TypeError: print_square() takes 1 positional argument but 3 were given



Check with None passed as argument
----------------------------------
>>> print_square(None)
Traceback (most recent call last):
 ...
TypeError: size must be an integer
